[2025-04-20 02:05:42.241] [info] Using configuration file /home/teru/.config/waybar/config.jsonc
[2025-04-20 02:05:42.243] [info] Discovered appearance 'dark'
[2025-04-20 02:05:42.243] [info] Using CSS file /home/teru/.config/waybar/style.css
[2025-04-20 02:05:42.251] [info] Hyprland IPC starting
[2025-04-20 02:05:42.252] [info] Loading persistent workspaces from Hyprland workspace rules
[2025-04-20 02:05:42.401] [info] Bar configured (width: 1920, height: 22) for output: eDP-1

** (waybar:16313): WARNING **: 02:05:42.403: Status Notifier Item with bus name ':1.6' and object path '/org/ayatana/NotificationItem/nm_applet' is already registered

** (waybar:16313): WARNING **: 02:05:42.422: Status Notifier Item with bus name ':1.6' and object path '/org/ayatana/NotificationItem/nm_applet' is already registered

** (waybar:16313): WARNING **: 02:05:44.088: Status Notifier Item with bus name ':1.6' and object path '/org/ayatana/NotificationItem/nm_applet' is already registered
[2025-04-20 02:05:47.307] [info] Quitting.
[2025-04-20 02:05:47.317] [info] Hyprland IPC stopping...
[2025-05-08 19:33:02.387] [info] Using configuration file /home/teru/.config/waybar/config.jsonc
[2025-05-08 19:33:02.414] [info] Discovered appearance 'dark'
[2025-05-08 19:33:02.414] [info] Using CSS file /home/teru/.config/waybar/style.css
[2025-05-08 19:33:02.442] [info] Hyprland IPC starting
[2025-05-08 19:33:02.446] [info] Loading persistent workspaces from Hyprland workspace rules
[2025-05-08 19:33:02.598] [info] Bar configured (width: 1920, height: 22) for output: eDP-1

** (waybar:226981): WARNING **: 19:33:02.602: Status Notifier Item with bus name ':1.6' and object path '/org/ayatana/NotificationItem/nm_applet' is already registered

** (waybar:226981): WARNING **: 19:33:03.658: Status Notifier Item with bus name ':1.6' and object path '/org/ayatana/NotificationItem/nm_applet' is already registered
[2025-05-08 19:33:14.339] [info] Quitting.
[2025-05-08 19:33:14.357] [info] Hyprland IPC stopping...
[2025-05-08 19:33:35.888] [info] Using configuration file /home/teru/.config/waybar/config.jsonc
[2025-05-08 19:33:35.890] [info] Discovered appearance 'dark'
[2025-05-08 19:33:35.890] [info] Using CSS file /home/teru/.config/waybar/style.css
[2025-05-08 19:33:35.897] [info] Hyprland IPC starting
[2025-05-08 19:33:35.899] [info] Loading persistent workspaces from Hyprland workspace rules
[2025-05-08 19:33:36.049] [info] Bar configured (width: 1920, height: 22) for output: eDP-1

** (waybar:227073): WARNING **: 19:33:36.055: Status Notifier Item with bus name ':1.6' and object path '/org/ayatana/NotificationItem/nm_applet' is already registered

** (waybar:227073): WARNING **: 19:33:37.652: Status Notifier Item with bus name ':1.6' and object path '/org/ayatana/NotificationItem/nm_applet' is already registered
[2025-05-08 19:33:45.085] [info] Quitting.
[2025-05-08 19:33:45.107] [info] Hyprland IPC stopping...
[2025-05-08 19:33:58.778] [info] Using configuration file /home/teru/.config/waybar/config.jsonc
[2025-05-08 19:33:58.781] [info] Discovered appearance 'dark'
[2025-05-08 19:33:58.781] [info] Using CSS file /home/teru/.config/waybar/style.css
[2025-05-08 19:33:58.789] [info] Hyprland IPC starting
[2025-05-08 19:33:58.790] [info] Loading persistent workspaces from Hyprland workspace rules
[2025-05-08 19:33:58.938] [info] Bar configured (width: 1920, height: 22) for output: eDP-1
[2025-05-08 19:33:58.938] [error] Item '': No icon name or pixmap given.
[2025-05-08 19:33:58.960] [error] Item '': No icon name or pixmap given.

** (waybar:227157): WARNING **: 19:33:58.961: Status Notifier Item with bus name ':1.6' and object path '/org/ayatana/NotificationItem/nm_applet' is already registered

** (waybar:227157): WARNING **: 19:34:00.642: Status Notifier Item with bus name ':1.6' and object path '/org/ayatana/NotificationItem/nm_applet' is already registered
[2025-05-08 19:34:17.799] [info] Quitting.
[2025-05-08 19:34:17.813] [info] Hyprland IPC stopping...
[2025-05-08 19:34:32.338] [info] Using configuration file /home/teru/.config/waybar/config.jsonc
[2025-05-08 19:34:32.340] [info] Discovered appearance 'dark'
[2025-05-08 19:34:32.340] [info] Using CSS file /home/teru/.config/waybar/style.css
[2025-05-08 19:34:32.349] [info] Hyprland IPC starting
[2025-05-08 19:34:32.351] [info] Loading persistent workspaces from Hyprland workspace rules
[2025-05-08 19:34:32.492] [info] Bar configured (width: 1920, height: 22) for output: eDP-1

** (waybar:227324): WARNING **: 19:34:32.498: Status Notifier Item with bus name ':1.6' and object path '/org/ayatana/NotificationItem/nm_applet' is already registered

** (waybar:227324): WARNING **: 19:34:33.670: Status Notifier Item with bus name ':1.6' and object path '/org/ayatana/NotificationItem/nm_applet' is already registered
sh: line 1: activate: command not found
sh: line 1: activate: command not found
sh: line 1: activate: command not found

(waybar:227324): LIBDBUSMENU-GLIB-WARNING **: 23:07:37.596: Unable to replace properties on 0: Error getting properties for ID

(waybar:227324): LIBDBUSMENU-GLIB-WARNING **: 08:03:00.827: Unable to replace properties on 0: Error getting properties for ID

(waybar:227324): LIBDBUSMENU-GLIB-WARNING **: 08:03:00.930: Unable to replace properties on 0: Error getting properties for ID

(waybar:227324): LIBDBUSMENU-GLIB-WARNING **: 08:03:02.338: Unable to replace properties on 0: Error getting properties for ID

(waybar:227324): LIBDBUSMENU-GLIB-WARNING **: 08:03:02.626: Unable to replace properties on 0: Error getting properties for ID

(waybar:227324): LIBDBUSMENU-GLIB-WARNING **: 08:03:03.025: Unable to replace properties on 0: Error getting properties for ID

(waybar:227324): LIBDBUSMENU-GLIB-WARNING **: 08:03:03.125: Unable to replace properties on 0: Error getting properties for ID

(waybar:227324): LIBDBUSMENU-GLIB-WARNING **: 08:03:03.224: Unable to replace properties on 0: Error getting properties for ID
sh: line 1: activate: command not found
sh: line 1: activate: command not found
sh: line 1: activate: command not found
sh: line 1: activate: command not found
sh: line 1: activate: command not found
sh: line 1: activate: command not found
sh: line 1: activate: command not found
sh: line 1: activate: command not found
sh: line 1: activate: command not found
sh: line 1: activate: command not found
sh: line 1: activate: command not found
sh: line 1: activate: command not found
sh: line 1: activate: command not found
sh: line 1: activate: command not found
sh: line 1: activate: command not found
sh: line 1: activate: command not found
sh: line 1: activate: command not found
sh: line 1: activate: command not found
sh: line 1: activate: command not found
sh: line 1: activate: command not found

(waybar:227324): LIBDBUSMENU-GLIB-WARNING **: 23:56:19.701: Unable to replace properties on 0: Error getting properties for ID

(waybar:227324): LIBDBUSMENU-GLIB-WARNING **: 08:57:50.689: Unable to replace properties on 0: Error getting properties for ID

(waybar:227324): LIBDBUSMENU-GLIB-WARNING **: 08:57:50.782: Unable to replace properties on 0: Error getting properties for ID

(waybar:227324): LIBDBUSMENU-GLIB-WARNING **: 08:57:52.386: Unable to replace properties on 0: Error getting properties for ID

(waybar:227324): LIBDBUSMENU-GLIB-WARNING **: 08:57:52.684: Unable to replace properties on 0: Error getting properties for ID

(waybar:227324): LIBDBUSMENU-GLIB-WARNING **: 08:57:52.783: Unable to replace properties on 0: Error getting properties for ID

(waybar:227324): LIBDBUSMENU-GLIB-WARNING **: 08:57:54.886: Unable to replace properties on 0: Error getting properties for ID

(waybar:227324): LIBDBUSMENU-GLIB-WARNING **: 08:57:54.986: Unable to replace properties on 0: Error getting properties for ID
sh: line 1: activate: command not found
Gdk-Message: 09:01:35.370: Error reading events from display: Broken pipe
[2025-06-01 22:07:19.118] [info] Using configuration file /home/teru/.config/waybar/config.jsonc
[2025-06-01 22:07:19.161] [info] Discovered appearance 'dark'
[2025-06-01 22:07:19.161] [info] Using CSS file /home/teru/.config/waybar/style.css
[2025-06-01 22:07:19.170] [info] Hyprland IPC starting
[2025-06-01 22:07:19.171] [info] Loading persistent workspaces from Hyprland workspace rules
[2025-06-01 22:07:19.318] [info] Bar configured (width: 1920, height: 22) for output: eDP-1

** (waybar:555983): WARNING **: 22:07:19.332: Status Notifier Item with bus name ':1.6' and object path '/org/ayatana/NotificationItem/nm_applet' is already registered

** (waybar:555983): WARNING **: 22:07:20.942: Status Notifier Item with bus name ':1.6' and object path '/org/ayatana/NotificationItem/nm_applet' is already registered
